// Jest Snapshot v1, https://goo.gl/fbAQLP

exports[`renders without crashing 1`] = `
<div>
  <h1
    className="f2;"
  >
    RoboFriends
  </h1>
  <CounterButton
    color="red"
  />
</div>
`;
